exports[`Footer Render footer 1`] = `
<footer
  className="container footer">
  netflixroulette
</footer>
`;
