exports[`ResultContent Render resultcontent 1`] = `null`;
